// Jest Snapshot v1, https://goo.gl/fbAQLP

exports[`Given the Requisition points selector should render correctly 1`] = `
<View
  style={
    Object {
      "backgroundColor": "#ffffff",
      "borderColor": "#e1e8ee",
      "borderWidth": 1,
      "margin": 15,
      "marginBottom": 0,
      "padding": 15,
      "shadowColor": "rgba(0,0,0, .2)",
      "shadowOffset": Object {
        "height": 0,
        "width": 0,
      },
      "shadowOpacity": 1,
      "shadowRadius": 1,
    }
  }
>
  <View
    style={
      Object {
        "backgroundColor": "transparent",
      }
    }
  >
    <Text
      style={
        Object {
          "color": "#43484d",
          "fontSize": 17.5,
          "fontWeight": "bold",
          "marginBottom": 15,
          "textAlign": "center",
        }
      }
      testID="cardTitle"
    >
      <Text>
        Requisition Points
      </Text>
    </Text>
    <View
      accessibilityLabel="Current Points: 3/5"
      style={
        Object {
          "flex": 1,
          "flexDirection": "row",
        }
      }
    >
      <View
        accessibilityRole="button"
        accessibilityState={Object {}}
        accessible={true}
        focusable={true}
        onClick={[Function]}
        onResponderGrant={[Function]}
        onResponderMove={[Function]}
        onResponderRelease={[Function]}
        onResponderTerminate={[Function]}
        onResponderTerminationRequest={[Function]}
        onStartShouldSetResponder={[Function]}
        style={
          Object {
            "opacity": 1,
          }
        }
      >
        <View
          style={
            Array [
              Object {},
            ]
          }
        >
          <Text
            disabled={false}
            style={
              Array [
                Object {
                  "color": "#007AFF",
                  "fontSize": 18,
                  "margin": 8,
                  "textAlign": "center",
                },
              ]
            }
          >
            -
          </Text>
        </View>
      </View>
      <View
        style={
          Object {
            "overflow": "hidden",
          }
        }
      >
        <View>
          <View
            style={
              Object {
                "alignItems": "center",
                "backgroundColor": "transparent",
                "justifyContent": "center",
              }
            }
          >
            <Text />
          </View>
        </View>
      </View>
      <View
        style={
          Object {
            "overflow": "hidden",
          }
        }
      >
        <View>
          <View
            style={
              Object {
                "alignItems": "center",
                "backgroundColor": "transparent",
                "justifyContent": "center",
              }
            }
          >
            <Text />
          </View>
        </View>
      </View>
      <View
        style={
          Object {
            "overflow": "hidden",
          }
        }
      >
        <View>
          <View
            style={
              Object {
                "alignItems": "center",
                "backgroundColor": "transparent",
                "justifyContent": "center",
              }
            }
          >
            <Text />
          </View>
        </View>
      </View>
      <View
        style={
          Object {
            "overflow": "hidden",
          }
        }
      >
        <View>
          <View
            style={
              Object {
                "alignItems": "center",
                "backgroundColor": "transparent",
                "justifyContent": "center",
              }
            }
          >
            <Text />
          </View>
        </View>
      </View>
      <View
        style={
          Object {
            "overflow": "hidden",
          }
        }
      >
        <View>
          <View
            style={
              Object {
                "alignItems": "center",
                "backgroundColor": "transparent",
                "justifyContent": "center",
              }
            }
          >
            <Text />
          </View>
        </View>
      </View>
      <View
        accessibilityRole="button"
        accessibilityState={Object {}}
        accessible={true}
        focusable={true}
        onClick={[Function]}
        onResponderGrant={[Function]}
        onResponderMove={[Function]}
        onResponderRelease={[Function]}
        onResponderTerminate={[Function]}
        onResponderTerminationRequest={[Function]}
        onStartShouldSetResponder={[Function]}
        style={
          Object {
            "opacity": 1,
          }
        }
      >
        <View
          style={
            Array [
              Object {},
            ]
          }
        >
          <Text
            disabled={false}
            style={
              Array [
                Object {
                  "color": "#007AFF",
                  "fontSize": 18,
                  "margin": 8,
                  "textAlign": "center",
                },
              ]
            }
          >
            +
          </Text>
        </View>
      </View>
    </View>
  </View>
</View>
`;
